
gaurav.kamra@YP1000526LT MINGW64 /d/GitWSToLearn/gauravjava/testrepo
$ git clone -b development https://github.com/kamragaurav1206/Git_Knowledge.git
Cloning into 'Git_Knowledge'...
remote: Enumerating objects: 15, done.
remote: Counting objects: 100% (15/15), done.
remote: Compressing objects: 100% (9/9), done.
remote: Total 15 (delta 0), reused 12 (delta 0), pack-reused 0
Receiving objects: 100% (15/15), done.

gaurav.kamra@YP1000526LT MINGW64 /d/GitWSToLearn/gauravjava/testrepo
$ git status
fatal: not a git repository (or any of the parent directories): .git

gaurav.kamra@YP1000526LT MINGW64 /d/GitWSToLearn/gauravjava/testrepo
$ cd G
Git_Knowledge/  gauravjavarepo/

gaurav.kamra@YP1000526LT MINGW64 /d/GitWSToLearn/gauravjava/testrepo
$ cd Git_Knowledge/

gaurav.kamra@YP1000526LT MINGW64 /d/GitWSToLearn/gauravjava/testrepo/Git_Knowledge (development)
$ git remote -v
origin  https://github.com/kamragaurav1206/Git_Knowledge.git (fetch)
origin  https://github.com/kamragaurav1206/Git_Knowledge.git (push)

gaurav.kamra@YP1000526LT MINGW64 /d/GitWSToLearn/gauravjava/testrepo/Git_Knowledge (development)
$ git checkout master
Switched to a new branch 'master'
Branch 'master' set up to track remote branch 'master' from 'origin'.

gaurav.kamra@YP1000526LT MINGW64 /d/GitWSToLearn/gauravjava/testrepo/Git_Knowledge (master)
$ git remote -v
origin  https://github.com/kamragaurav1206/Git_Knowledge.git (fetch)
origin  https://github.com/kamragaurav1206/Git_Knowledge.git (push)

gaurav.kamra@YP1000526LT MINGW64 /d/GitWSToLearn/gauravjava/testrepo/Git_Knowledge (master)
$ git checkout development
Switched to branch 'development'
Your branch is up to date with 'origin/development'.

gaurav.kamra@YP1000526LT MINGW64 /d/GitWSToLearn/gauravjava/testrepo/Git_Knowledge (development)
$ git remote add upstream https://github.com/kamragaurav/Git_Knowledge.git

gaurav.kamra@YP1000526LT MINGW64 /d/GitWSToLearn/gauravjava/testrepo/Git_Knowledge (development)
$ git remote -v
origin  https://github.com/kamragaurav1206/Git_Knowledge.git (fetch)
origin  https://github.com/kamragaurav1206/Git_Knowledge.git (push)
upstream        https://github.com/kamragaurav/Git_Knowledge.git (fetch)
upstream        https://github.com/kamragaurav/Git_Knowledge.git (push)

gaurav.kamra@YP1000526LT MINGW64 /d/GitWSToLearn/gauravjava/testrepo/Git_Knowledge (development)
$ git checkout upstream
error: pathspec 'upstream' did not match any file(s) known to git

gaurav.kamra@YP1000526LT MINGW64 /d/GitWSToLearn/gauravjava/testrepo/Git_Knowledge (development)
$ git fetch upstream
From https://github.com/kamragaurav/Git_Knowledge
 * [new branch]      development -> upstream/development
 * [new branch]      master      -> upstream/master

gaurav.kamra@YP1000526LT MINGW64 /d/GitWSToLearn/gauravjava/testrepo/Git_Knowledge (development)
$ git merge upstream/development development
Updating 956773b..e1097f4
Fast-forward
 SampleFile.txt | 1 +
 1 file changed, 1 insertion(+)

gaurav.kamra@YP1000526LT MINGW64 /d/GitWSToLearn/gauravjava/testrepo/Git_Knowledge (development)
$ cat SampleFile.txt
First Change
commit to masterpush

gaurav.kamra@YP1000526LT MINGW64 /d/GitWSToLearn/gauravjava/testrepo/Git_Knowledge (development)
$ git status
On branch development
Your branch is ahead of 'origin/development' by 2 commits.
  (use "git push" to publish your local commits)

nothing to commit, working tree clean

gaurav.kamra@YP1000526LT MINGW64 /d/GitWSToLearn/gauravjava/testrepo/Git_Knowledge (development)
$ git push origin
Total 0 (delta 0), reused 0 (delta 0), pack-reused 0
To https://github.com/kamragaurav1206/Git_Knowledge.git
   956773b..e1097f4  development -> development

gaurav.kamra@YP1000526LT MINGW64 /d/GitWSToLearn/gauravjava/testrepo/Git_Knowledge (development)
$ git checkout upstream/master
Note: switching to 'upstream/master'.

You are in 'detached HEAD' state. You can look around, make experimental
changes and commit them, and you can discard any commits you make in this
state without impacting any branches by switching back to a branch.

If you want to create a new branch to retain commits you create, you may
do so (now or later) by using -c with the switch command. Example:

  git switch -c <new-branch-name>

Or undo this operation with:

  git switch -

Turn off this advice by setting config variable advice.detachedHead to false

HEAD is now at e1097f4 commit and push

gaurav.kamra@YP1000526LT MINGW64 /d/GitWSToLearn/gauravjava/testrepo/Git_Knowledge ((e1097f4...))
$ git checkout development
Switched to branch 'development'
Your branch is up to date with 'origin/development'.

gaurav.kamra@YP1000526LT MINGW64 /d/GitWSToLearn/gauravjava/testrepo/Git_Knowledge (development)
$ git checkout master
Switched to branch 'master'
Your branch is up to date with 'origin/master'.

gaurav.kamra@YP1000526LT MINGW64 /d/GitWSToLearn/gauravjava/testrepo/Git_Knowledge (master)
$ git f
fetch          flow           format-patch   fsck

gaurav.kamra@YP1000526LT MINGW64 /d/GitWSToLearn/gauravjava/testrepo/Git_Knowledge (master)
$ git fetch upstream

gaurav.kamra@YP1000526LT MINGW64 /d/GitWSToLearn/gauravjava/testrepo/Git_Knowledge (master)
$ git checkout upstream/master
Note: switching to 'upstream/master'.

You are in 'detached HEAD' state. You can look around, make experimental
changes and commit them, and you can discard any commits you make in this
state without impacting any branches by switching back to a branch.

If you want to create a new branch to retain commits you create, you may
do so (now or later) by using -c with the switch command. Example:

  git switch -c <new-branch-name>

Or undo this operation with:

  git switch -

Turn off this advice by setting config variable advice.detachedHead to false

HEAD is now at e1097f4 commit and push

gaurav.kamra@YP1000526LT MINGW64 /d/GitWSToLearn/gauravjava/testrepo/Git_Knowledge ((e1097f4...))
$ git checkout development
Switched to branch 'development'
Your branch is up to date with 'origin/development'.

gaurav.kamra@YP1000526LT MINGW64 /d/GitWSToLearn/gauravjava/testrepo/Git_Knowledge (development)
$ git branch
* development
  master

gaurav.kamra@YP1000526LT MINGW64 /d/GitWSToLearn/gauravjava/testrepo/Git_Knowledge (development)
$ git l
lfs   log

gaurav.kamra@YP1000526LT MINGW64 /d/GitWSToLearn/gauravjava/testrepo/Git_Knowledge (development)
$ git branch
* development
  master

gaurav.kamra@YP1000526LT MINGW64 /d/GitWSToLearn/gauravjava/testrepo/Git_Knowledge (development)
$ git fetch --all
Fetching origin
Fetching upstream

gaurav.kamra@YP1000526LT MINGW64 /d/GitWSToLearn/gauravjava/testrepo/Git_Knowledge (development)
$ git checkout -b master upstream/master
fatal: A branch named 'master' already exists.

gaurav.kamra@YP1000526LT MINGW64 /d/GitWSToLearn/gauravjava/testrepo/Git_Knowledge (development)
$ git checkout -b upstream-master upstream/master
Switched to a new branch 'upstream-master'
Branch 'upstream-master' set up to track remote branch 'master' from 'upstream'.

gaurav.kamra@YP1000526LT MINGW64 /d/GitWSToLearn/gauravjava/testrepo/Git_Knowledge (upstream-master)
$ git checkout development
Switched to branch 'development'
Your branch is up to date with 'origin/development'.

gaurav.kamra@YP1000526LT MINGW64 /d/GitWSToLearn/gauravjava/testrepo/Git_Knowledge (development)
$ git checkout upstream-development upstream/development
error: pathspec 'upstream-development' did not match any file(s) known to git
error: pathspec 'upstream/development' did not match any file(s) known to git

gaurav.kamra@YP1000526LT MINGW64 /d/GitWSToLearn/gauravjava/testrepo/Git_Knowledge (development)
$ git checkout -b upstream-development upstream/development
Switched to a new branch 'upstream-development'
Branch 'upstream-development' set up to track remote branch 'development' from 'upstream'.

gaurav.kamra@YP1000526LT MINGW64 /d/GitWSToLearn/gauravjava/testrepo/Git_Knowledge (upstream-development)
$ git branch
  development
  master
* upstream-development
  upstream-master

gaurav.kamra@YP1000526LT MINGW64 /d/GitWSToLearn/gauravjava/testrepo/Git_Knowledge (upstream-development)
$ git remote -v
origin  https://github.com/kamragaurav1206/Git_Knowledge.git (fetch)
origin  https://github.com/kamragaurav1206/Git_Knowledge.git (push)
upstream        https://github.com/kamragaurav/Git_Knowledge.git (fetch)
upstream        https://github.com/kamragaurav/Git_Knowledge.git (push)

gaurav.kamra@YP1000526LT MINGW64 /d/GitWSToLearn/gauravjava/testrepo/Git_Knowledge (upstream-development)
$ git fetch --all
Fetching origin
Fetching upstream
remote: Enumerating objects: 4, done.
remote: Counting objects: 100% (4/4), done.
remote: Compressing objects: 100% (2/2), done.
remote: Total 3 (delta 0), reused 3 (delta 0), pack-reused 0
Unpacking objects: 100% (3/3), 332 bytes | 30.00 KiB/s, done.
From https://github.com/kamragaurav/Git_Knowledge
 * [new branch]      gaurav     -> upstream/gaurav

gaurav.kamra@YP1000526LT MINGW64 /d/GitWSToLearn/gauravjava/testrepo/Git_Knowledge (upstream-development)
$ git remote -v
origin  https://github.com/kamragaurav1206/Git_Knowledge.git (fetch)
origin  https://github.com/kamragaurav1206/Git_Knowledge.git (push)
upstream        https://github.com/kamragaurav/Git_Knowledge.git (fetch)
upstream        https://github.com/kamragaurav/Git_Knowledge.git (push)

gaurav.kamra@YP1000526LT MINGW64 /d/GitWSToLearn/gauravjava/testrepo/Git_Knowledge (upstream-development)
$ git branch
  development
  master
* upstream-development
  upstream-master

gaurav.kamra@YP1000526LT MINGW64 /d/GitWSToLearn/gauravjava/testrepo/Git_Knowledge (upstream-development)
$ git checkout gaurav
Switched to a new branch 'gaurav'
Branch 'gaurav' set up to track remote branch 'gaurav' from 'upstream'.

gaurav.kamra@YP1000526LT MINGW64 /d/GitWSToLearn/gauravjava/testrepo/Git_Knowledge (gaurav)
$ ls -al
total 7
drwxr-xr-x 1 gaurav.kamra 1049089  0 Jan  8 17:45 ./
drwxr-xr-x 1 gaurav.kamra 1049089  0 Jan  8 16:57 ../
drwxr-xr-x 1 gaurav.kamra 1049089  0 Jan  8 17:45 .git/
-rw-r--r-- 1 gaurav.kamra 1049089 36 Jan  8 16:57 README.md
-rw-r--r-- 1 gaurav.kamra 1049089 36 Jan  8 17:19 SampleFile.txt
-rw-r--r-- 1 gaurav.kamra 1049089 21 Jan  8 17:45 gauravfile.txt

gaurav.kamra@YP1000526LT MINGW64 /d/GitWSToLearn/gauravjava/testrepo/Git_Knowledge (gaurav)
$ git che
checkout      cherry        cherry-pick

gaurav.kamra@YP1000526LT MINGW64 /d/GitWSToLearn/gauravjava/testrepo/Git_Knowledge (gaurav)
$ git fetch --all
Fetching origin
Fetching upstream

gaurav.kamra@YP1000526LT MINGW64 /d/GitWSToLearn/gauravjava/testrepo/Git_Knowledge (gaurav)
$ git checkout -b upstream-gaurav upstream/gaurav
Switched to a new branch 'upstream-gaurav'
Branch 'upstream-gaurav' set up to track remote branch 'gaurav' from 'upstream'.

gaurav.kamra@YP1000526LT MINGW64 /d/GitWSToLearn/gauravjava/testrepo/Git_Knowledge (upstream-gaurav)
$ git branch
  development
  gaurav
  master
  upstream-development
* upstream-gaurav
  upstream-master

gaurav.kamra@YP1000526LT MINGW64 /d/GitWSToLearn/gauravjava/testrepo/Git_Knowledge (upstream-gaurav)
$ vi gauravfile.txt

gaurav.kamra@YP1000526LT MINGW64 /d/GitWSToLearn/gauravjava/testrepo/Git_Knowledge (upstream-gaurav)
$ git sta
stage    stash    status

gaurav.kamra@YP1000526LT MINGW64 /d/GitWSToLearn/gauravjava/testrepo/Git_Knowledge (upstream-gaurav)
$ git status
On branch upstream-gaurav
Your branch is up to date with 'upstream/gaurav'.

Changes not staged for commit:
  (use "git add <file>..." to update what will be committed)
  (use "git restore <file>..." to discard changes in working directory)
        modified:   gauravfile.txt

no changes added to commit (use "git add" and/or "git commit -a")

gaurav.kamra@YP1000526LT MINGW64 /d/GitWSToLearn/gauravjava/testrepo/Git_Knowledge (upstream-gaurav)
$ git add .
warning: LF will be replaced by CRLF in gauravfile.txt.
The file will have its original line endings in your working directory

gaurav.kamra@YP1000526LT MINGW64 /d/GitWSToLearn/gauravjava/testrepo/Git_Knowledge (upstream-gaurav)
$ git commit -m "commit from gauravjava directly to upstream/gaurav not in fork origin/gaurav"
[upstream-gaurav 234c4d6] commit from gauravjava directly to upstream/gaurav not in fork origin/gaurav
 1 file changed, 3 insertions(+), 1 deletion(-)

gaurav.kamra@YP1000526LT MINGW64 /d/GitWSToLearn/gauravjava/testrepo/Git_Knowledge (upstream-gaurav)
$ git push
fatal: The upstream branch of your current branch does not match
the name of your current branch.  To push to the upstream branch
on the remote, use

    git push upstream HEAD:gaurav

To push to the branch of the same name on the remote, use

    git push upstream HEAD

To choose either option permanently, see push.default in 'git help config'.

gaurav.kamra@YP1000526LT MINGW64 /d/GitWSToLearn/gauravjava/testrepo/Git_Knowledge (upstream-gaurav)
$ git pu
pull   push

gaurav.kamra@YP1000526LT MINGW64 /d/GitWSToLearn/gauravjava/testrepo/Git_Knowledge (upstream-gaurav)
$ git push upstream
fatal: The upstream branch of your current branch does not match
the name of your current branch.  To push to the upstream branch
on the remote, use

    git push upstream HEAD:gaurav

To push to the branch of the same name on the remote, use

    git push upstream HEAD

To choose either option permanently, see push.default in 'git help config'.

gaurav.kamra@YP1000526LT MINGW64 /d/GitWSToLearn/gauravjava/testrepo/Git_Knowledge (upstream-gaurav)
$ git push upstream HEAD:gaurav
remote: Permission to kamragaurav/Git_Knowledge.git denied to kamragaurav1206.
fatal: unable to access 'https://github.com/kamragaurav/Git_Knowledge.git/': The requested URL returned error: 403

gaurav.kamra@YP1000526LT MINGW64 /d/GitWSToLearn/gauravjava/testrepo/Git_Knowledge (upstream-gaurav)
$ git checkout development
Switched to branch 'development'
Your branch is up to date with 'origin/development'.

gaurav.kamra@YP1000526LT MINGW64 /d/GitWSToLearn/gauravjava/testrepo/Git_Knowledge (development)
$ ls
README.md  SampleFile.txt

gaurav.kamra@YP1000526LT MINGW64 /d/GitWSToLearn/gauravjava/testrepo/Git_Knowledge (development)
$ vi SampleFile.txt

gaurav.kamra@YP1000526LT MINGW64 /d/GitWSToLearn/gauravjava/testrepo/Git_Knowledge (development)
$ git push
Everything up-to-date

gaurav.kamra@YP1000526LT MINGW64 /d/GitWSToLearn/gauravjava/testrepo/Git_Knowledge (development)
$ git status
On branch development
Your branch is up to date with 'origin/development'.

Changes not staged for commit:
  (use "git add <file>..." to update what will be committed)
  (use "git restore <file>..." to discard changes in working directory)
        modified:   SampleFile.txt

no changes added to commit (use "git add" and/or "git commit -a")

gaurav.kamra@YP1000526LT MINGW64 /d/GitWSToLearn/gauravjava/testrepo/Git_Knowledge (development)
$ git add .

gaurav.kamra@YP1000526LT MINGW64 /d/GitWSToLearn/gauravjava/testrepo/Git_Knowledge (development)
$ git commit -m "commit from fork/development"
[development 522bb9a] commit from fork/development
 1 file changed, 1 insertion(+)

gaurav.kamra@YP1000526LT MINGW64 /d/GitWSToLearn/gauravjava/testrepo/Git_Knowledge (development)
$ git push
Enumerating objects: 5, done.
Counting objects: 100% (5/5), done.
Delta compression using up to 8 threads
Compressing objects: 100% (3/3), done.
Writing objects: 100% (3/3), 373 bytes | 373.00 KiB/s, done.
Total 3 (delta 0), reused 0 (delta 0), pack-reused 0
To https://github.com/kamragaurav1206/Git_Knowledge.git
   e1097f4..522bb9a  development -> development

gaurav.kamra@YP1000526LT MINGW64 /d/GitWSToLearn/gauravjava/testrepo/Git_Knowledge (development)
$ ^C

gaurav.kamra@YP1000526LT MINGW64 /d/GitWSToLearn/gauravjava/testrepo/Git_Knowledge (development)
$ git che
checkout      cherry        cherry-pick

gaurav.kamra@YP1000526LT MINGW64 /d/GitWSToLearn/gauravjava/testrepo/Git_Knowledge (development)
$ git checkout upstream-gaurav
Switched to branch 'upstream-gaurav'
Your branch is ahead of 'upstream/gaurav' by 1 commit.
  (use "git push" to publish your local commits)

gaurav.kamra@YP1000526LT MINGW64 /d/GitWSToLearn/gauravjava/testrepo/Git_Knowledge (upstream-gaurav)
$ git checkout upstream upstream-gaurav
error: pathspec 'upstream' did not match any file(s) known to git
error: pathspec 'upstream-gaurav' did not match any file(s) known to git

gaurav.kamra@YP1000526LT MINGW64 /d/GitWSToLearn/gauravjava/testrepo/Git_Knowledge (upstream-gaurav)
$ git checkout git push upstream^Cpstream upstream-gaurav

gaurav.kamra@YP1000526LT MINGW64 /d/GitWSToLearn/gauravjava/testrepo/Git_Knowledge (upstream-gaurav)
$ git push upstream upstream-gaurav
remote: Permission to kamragaurav/Git_Knowledge.git denied to kamragaurav1206.
fatal: unable to access 'https://github.com/kamragaurav/Git_Knowledge.git/': The requested URL returned error: 403

gaurav.kamra@YP1000526LT MINGW64 /d/GitWSToLearn/gauravjava/testrepo/Git_Knowledge (upstream-gaurav)
$ git checkout gaurav
Switched to branch 'gaurav'
Your branch is up to date with 'upstream/gaurav'.

gaurav.kamra@YP1000526LT MINGW64 /d/GitWSToLearn/gauravjava/testrepo/Git_Knowledge (gaurav)
$ vi gauravforkfile

gaurav.kamra@YP1000526LT MINGW64 /d/GitWSToLearn/gauravjava/testrepo/Git_Knowledge (gaurav)
$ cat gauravforkfile
sample file created in fork of gaurav

gaurav.kamra@YP1000526LT MINGW64 /d/GitWSToLearn/gauravjava/testrepo/Git_Knowledge (gaurav)
$ git add .
warning: LF will be replaced by CRLF in gauravforkfile.
The file will have its original line endings in your working directory

gaurav.kamra@YP1000526LT MINGW64 /d/GitWSToLearn/gauravjava/testrepo/Git_Knowledge (gaurav)
$ git commit -m "new file created in fork gaurav"
[gaurav f8e3908] new file created in fork gaurav
 1 file changed, 1 insertion(+)
 create mode 100644 gauravforkfile

gaurav.kamra@YP1000526LT MINGW64 /d/GitWSToLearn/gauravjava/testrepo/Git_Knowledge (gaurav)
$ git push
remote: Permission to kamragaurav/Git_Knowledge.git denied to kamragaurav1206.
fatal: unable to access 'https://github.com/kamragaurav/Git_Knowledge.git/': The requested URL returned error: 403

gaurav.kamra@YP1000526LT MINGW64 /d/GitWSToLearn/gauravjava/testrepo/Git_Knowledge (gaurav)
$ git push gauravf
fatal: 'gauravf' does not appear to be a git repository
fatal: Could not read from remote repository.

Please make sure you have the correct access rights
and the repository exists.

gaurav.kamra@YP1000526LT MINGW64 /d/GitWSToLearn/gauravjava/testrepo/Git_Knowledge (gaurav)
$ git push origin gaurav
Enumerating objects: 4, done.
Counting objects: 100% (4/4), done.
Delta compression using up to 8 threads
Compressing objects: 100% (2/2), done.
Writing objects: 100% (3/3), 325 bytes | 325.00 KiB/s, done.
Total 3 (delta 1), reused 0 (delta 0), pack-reused 0
remote: Resolving deltas: 100% (1/1), completed with 1 local object.
remote:
remote: Create a pull request for 'gaurav' on GitHub by visiting:
remote:      https://github.com/kamragaurav1206/Git_Knowledge/pull/new/gaurav
remote:
To https://github.com/kamragaurav1206/Git_Knowledge.git
 * [new branch]      gaurav -> gaurav

gaurav.kamra@YP1000526LT MINGW64 /d/GitWSToLearn/gauravjava/testrepo/Git_Knowledge (gaurav)
$ l s-al
bash: l: command not found

gaurav.kamra@YP1000526LT MINGW64 /d/GitWSToLearn/gauravjava/testrepo/Git_Knowledge (gaurav)
$ ls -al
total 12
drwxr-xr-x 1 gaurav.kamra 1049089  0 Jan  8 17:59 ./
drwxr-xr-x 1 gaurav.kamra 1049089  0 Jan  8 16:57 ../
drwxr-xr-x 1 gaurav.kamra 1049089  0 Jan  8 17:59 .git/
-rw-r--r-- 1 gaurav.kamra 1049089 36 Jan  8 16:57 README.md
-rw-r--r-- 1 gaurav.kamra 1049089 36 Jan  8 17:56 SampleFile.txt
-rw-r--r-- 1 gaurav.kamra 1049089 21 Jan  8 17:58 gauravfile.txt
-rw-r--r-- 1 gaurav.kamra 1049089 38 Jan  8 17:59 gauravforkfile

gaurav.kamra@YP1000526LT MINGW64 /d/GitWSToLearn/gauravjava/testrepo/Git_Knowledge (gaurav)
$ cat gauravforkfile
sample file created in fork of gaurav

gaurav.kamra@YP1000526LT MINGW64 /d/GitWSToLearn/gauravjava/testrepo/Git_Knowledge (gaurav)
$ git
GitWCRev.exe                        git-gui.exe                         git.exe
GitWCRevCOM.exe                     git-lfs.exe                         gitdll.dll
git-askyesno.exe                    git-receive-pack.exe                gitdll32.dll
git-credential-helper-selector.exe  git-upload-archive.exe              gitk
git-flow                            git-upload-pack.exe                 gitk.exe

gaurav.kamra@YP1000526LT MINGW64 /d/GitWSToLearn/gauravjava/testrepo/Git_Knowledge (gaurav)
$ git checkout upstream-gaurav
Switched to branch 'upstream-gaurav'
Your branch is ahead of 'upstream/gaurav' by 1 commit.
  (use "git push" to publish your local commits)

gaurav.kamra@YP1000526LT MINGW64 /d/GitWSToLearn/gauravjava/testrepo/Git_Knowledge (upstream-gaurav)
$ vi upstreamgaurav

gaurav.kamra@YP1000526LT MINGW64 /d/GitWSToLearn/gauravjava/testrepo/Git_Knowledge (upstream-gaurav)
$ git add .
warning: LF will be replaced by CRLF in upstreamgaurav.
The file will have its original line endings in your working directory

gaurav.kamra@YP1000526LT MINGW64 /d/GitWSToLearn/gauravjava/testrepo/Git_Knowledge (upstream-gaurav)
$ git commit -m "Again try to direct push"
[upstream-gaurav 2a4b408] Again try to direct push
 1 file changed, 1 insertion(+)
 create mode 100644 upstreamgaurav

gaurav.kamra@YP1000526LT MINGW64 /d/GitWSToLearn/gauravjava/testrepo/Git_Knowledge (upstream-gaurav)
$ git push upstream gaurav
To https://github.com/kamragaurav/Git_Knowledge.git
 ! [rejected]        gaurav -> gaurav (fetch first)
error: failed to push some refs to 'https://github.com/kamragaurav/Git_Knowledge.git'
hint: Updates were rejected because the remote contains work that you do
hint: not have locally. This is usually caused by another repository pushing
hint: to the same ref. You may want to first integrate the remote changes
hint: (e.g., 'git pull ...') before pushing again.
hint: See the 'Note about fast-forwards' in 'git push --help' for details.

gaurav.kamra@YP1000526LT MINGW64 /d/GitWSToLearn/gauravjava/testrepo/Git_Knowledge (upstream-gaurav)
$ git f
fetch          flow           format-patch   fsck

gaurav.kamra@YP1000526LT MINGW64 /d/GitWSToLearn/gauravjava/testrepo/Git_Knowledge (upstream-gaurav)
$ git fetch --all
Fetching origin
Fetching upstream
remote: Enumerating objects: 2, done.
remote: Counting objects: 100% (2/2), done.
remote: Compressing objects: 100% (2/2), done.
remote: Total 2 (delta 0), reused 0 (delta 0), pack-reused 0
Unpacking objects: 100% (2/2), 1.22 KiB | 207.00 KiB/s, done.
From https://github.com/kamragaurav/Git_Knowledge
   e07e766..9f9618b  gaurav      -> upstream/gaurav
   e1097f4..1f5bada  development -> upstream/development

gaurav.kamra@YP1000526LT MINGW64 /d/GitWSToLearn/gauravjava/testrepo/Git_Knowledge (upstream-gaurav)
$ git pull
Merge made by the 'recursive' strategy.
 gauravforkfile | 1 +
 1 file changed, 1 insertion(+)
 create mode 100644 gauravforkfile

gaurav.kamra@YP1000526LT MINGW64 /d/GitWSToLearn/gauravjava/testrepo/Git_Knowledge (upstream-gaurav)
$ ls -al
total 13
drwxr-xr-x 1 gaurav.kamra 1049089  0 Jan  8 18:25 ./
drwxr-xr-x 1 gaurav.kamra 1049089  0 Jan  8 16:57 ../
drwxr-xr-x 1 gaurav.kamra 1049089  0 Jan  8 18:25 .git/
-rw-r--r-- 1 gaurav.kamra 1049089 36 Jan  8 16:57 README.md
-rw-r--r-- 1 gaurav.kamra 1049089 36 Jan  8 17:56 SampleFile.txt
-rw-r--r-- 1 gaurav.kamra 1049089 60 Jan  8 18:22 gauravfile.txt
-rw-r--r-- 1 gaurav.kamra 1049089 39 Jan  8 18:25 gauravforkfile
-rw-r--r-- 1 gaurav.kamra 1049089 13 Jan  8 18:23 upstreamgaurav

gaurav.kamra@YP1000526LT MINGW64 /d/GitWSToLearn/gauravjava/testrepo/Git_Knowledge (upstream-gaurav)
$ git status
On branch upstream-gaurav
Your branch is ahead of 'upstream/gaurav' by 3 commits.
  (use "git push" to publish your local commits)

nothing to commit, working tree clean

gaurav.kamra@YP1000526LT MINGW64 /d/GitWSToLearn/gauravjava/testrepo/Git_Knowledge (upstream-gaurav)
$ git log
commit 3dbb77f7b54292e98b117302cb9063bfaf918f9d (HEAD -> upstream-gaurav)
Merge: 2a4b408 9f9618b
Author: Gaurav Kamra <kamra.gaurav515@gmail.com>
Date:   Fri Jan 8 18:25:24 2021 +0530

    Merge branch 'gaurav' of https://github.com/kamragaurav/Git_Knowledge into upstream-gaurav

commit 2a4b4081291018c8fe5357abff0573d277edcf9c
Author: Gaurav Kamra <kamra.gaurav515@gmail.com>
Date:   Fri Jan 8 18:23:40 2021 +0530

    Again try to direct push

commit 9f9618b98f62a5725a8fe5da5f7f5c5410d75848 (upstream/gaurav)
Merge: e07e766 f8e3908
Author: kamragaurav <kamra.gaurav515@gmail.com>
Date:   Fri Jan 8 18:03:39 2021 +0530

    Merge pull request #2 from kamragaurav1206/gaurav

    new file created in fork gaurav

commit f8e390830255532f281db8e006cde770cba200b1 (origin/gaurav, gaurav)
Author: Gaurav Kamra <kamra.gaurav515@gmail.com>
Date:   Fri Jan 8 17:59:54 2021 +0530

    new file created in fork gaurav

commit 234c4d60d56181e00ef455944d553197b4b00105
Author: Gaurav Kamra <kamra.gaurav515@gmail.com>
Date:   Fri Jan 8 17:49:43 2021 +0530

    commit from gauravjava directly to upstream/gaurav not in fork origin/gaurav

commit e07e766e0627154f546a2dcab859a38041c257f8
Author: Gaurav Kamra <kamra.gaurav515@gmail.com>
Date:   Fri Jan 8 17:44:04 2021 +0530

    first commit to gaurav branch

commit e1097f418f897e7453198b12ce293a1ab5385dd8 (upstream/master, origin/master, origin/HEAD, upstream-master, upstream-development, master)
Author: Gaurav Kamra <kamra.gaurav515@gmail.com>
Date:   Fri Jan 8 16:52:09 2021 +0530

    commit and push

commit e0a09006625b4f1095de4762b1b7ab5540d16306

gaurav.kamra@YP1000526LT MINGW64 /d/GitWSToLearn/gauravjava/testrepo/Git_Knowledge (upstream-gaurav)
$ git pu
pull   push

gaurav.kamra@YP1000526LT MINGW64 /d/GitWSToLearn/gauravjava/testrepo/Git_Knowledge (upstream-gaurav)
$ git push upstream gaurav
To https://github.com/kamragaurav/Git_Knowledge.git
 ! [rejected]        gaurav -> gaurav (non-fast-forward)
error: failed to push some refs to 'https://github.com/kamragaurav/Git_Knowledge.git'
hint: Updates were rejected because a pushed branch tip is behind its remote
hint: counterpart. Check out this branch and integrate the remote changes
hint: (e.g. 'git pull ...') before pushing again.
hint: See the 'Note about fast-forwards' in 'git push --help' for details.

gaurav.kamra@YP1000526LT MINGW64 /d/GitWSToLearn/gauravjava/testrepo/Git_Knowledge (upstream-gaurav)
$ git pull
Already up to date.

gaurav.kamra@YP1000526LT MINGW64 /d/GitWSToLearn/gauravjava/testrepo/Git_Knowledge (upstream-gaurav)
$ git push upstream gaurav
To https://github.com/kamragaurav/Git_Knowledge.git
 ! [rejected]        gaurav -> gaurav (non-fast-forward)
error: failed to push some refs to 'https://github.com/kamragaurav/Git_Knowledge.git'
hint: Updates were rejected because a pushed branch tip is behind its remote
hint: counterpart. Check out this branch and integrate the remote changes
hint: (e.g. 'git pull ...') before pushing again.
hint: See the 'Note about fast-forwards' in 'git push --help' for details.

gaurav.kamra@YP1000526LT MINGW64 /d/GitWSToLearn/gauravjava/testrepo/Git_Knowledge (upstream-gaurav)
$ git push upstream gaurav
To https://github.com/kamragaurav/Git_Knowledge.git
 ! [rejected]        gaurav -> gaurav (non-fast-forward)
error: failed to push some refs to 'https://github.com/kamragaurav/Git_Knowledge.git'
hint: Updates were rejected because a pushed branch tip is behind its remote
hint: counterpart. Check out this branch and integrate the remote changes
hint: (e.g. 'git pull ...') before pushing again.
hint: See the 'Note about fast-forwards' in 'git push --help' for details.

gaurav.kamra@YP1000526LT MINGW64 /d/GitWSToLearn/gauravjava/testrepo/Git_Knowledge (upstream-gaurav)
$ git fetch upstream

gaurav.kamra@YP1000526LT MINGW64 /d/GitWSToLearn/gauravjava/testrepo/Git_Knowledge (upstream-gaurav)
$ git merge upstream gaurav
merge: upstream - not something we can merge

gaurav.kamra@YP1000526LT MINGW64 /d/GitWSToLearn/gauravjava/testrepo/Git_Knowledge (upstream-gaurav)
$ git push upstream upstream-gaurav
Enumerating objects: 12, done.
Counting objects: 100% (11/11), done.
Delta compression using up to 8 threads
Compressing objects: 100% (7/7), done.
Writing objects: 100% (8/8), 864 bytes | 432.00 KiB/s, done.
Total 8 (delta 3), reused 0 (delta 0), pack-reused 0
remote: Resolving deltas: 100% (3/3), completed with 1 local object.
remote:
remote: Create a pull request for 'upstream-gaurav' on GitHub by visiting:
remote:      https://github.com/kamragaurav/Git_Knowledge/pull/new/upstream-gaurav
remote:
To https://github.com/kamragaurav/Git_Knowledge.git
 * [new branch]      upstream-gaurav -> upstream-gaurav

gaurav.kamra@YP1000526LT MINGW64 /d/GitWSToLearn/gauravjava/testrepo/Git_Knowledge (upstream-gaurav)
$ git branch
  development
  gaurav
  master
  upstream-development
* upstream-gaurav
  upstream-master

gaurav.kamra@YP1000526LT MINGW64 /d/GitWSToLearn/gauravjava/testrepo/Git_Knowledge (upstream-gaurav)
$ git push upstream gaurav
To https://github.com/kamragaurav/Git_Knowledge.git
 ! [rejected]        gaurav -> gaurav (non-fast-forward)
error: failed to push some refs to 'https://github.com/kamragaurav/Git_Knowledge.git'
hint: Updates were rejected because a pushed branch tip is behind its remote
hint: counterpart. Check out this branch and integrate the remote changes
hint: (e.g. 'git pull ...') before pushing again.
hint: See the 'Note about fast-forwards' in 'git push --help' for details.

gaurav.kamra@YP1000526LT MINGW64 /d/GitWSToLearn/gauravjava/testrepo/Git_Knowledge (upstream-gaurav)
$ git branch -d upstream-gaurav
error: Cannot delete branch 'upstream-gaurav' checked out at 'D:/GitWSToLearn/gauravjava/testrepo/Git_Knowledge'

gaurav.kamra@YP1000526LT MINGW64 /d/GitWSToLearn/gauravjava/testrepo/Git_Knowledge (upstream-gaurav)
$ git checkout development
Switched to branch 'development'
Your branch is up to date with 'origin/development'.

gaurav.kamra@YP1000526LT MINGW64 /d/GitWSToLearn/gauravjava/testrepo/Git_Knowledge (development)
$ git branch -d upstream-gaurav
error: The branch 'upstream-gaurav' is not fully merged.
If you are sure you want to delete it, run 'git branch -D upstream-gaurav'.

gaurav.kamra@YP1000526LT MINGW64 /d/GitWSToLearn/gauravjava/testrepo/Git_Knowledge (development)
$ git branch -D upstream-gaurav
Deleted branch upstream-gaurav (was 3dbb77f).

gaurav.kamra@YP1000526LT MINGW64 /d/GitWSToLearn/gauravjava/testrepo/Git_Knowledge (development)
$ git branch -D upstream-master
Deleted branch upstream-master (was e1097f4).

gaurav.kamra@YP1000526LT MINGW64 /d/GitWSToLearn/gauravjava/testrepo/Git_Knowledge (development)
$ git branch -D upstream-development
Deleted branch upstream-development (was e1097f4).

gaurav.kamra@YP1000526LT MINGW64 /d/GitWSToLearn/gauravjava/testrepo/Git_Knowledge (development)
$ git branch
* development
  gaurav
  master

gaurav.kamra@YP1000526LT MINGW64 /d/GitWSToLearn/gauravjava/testrepo/Git_Knowledge (development)
$ git remote add upstream https://github.com/kamragaurav/Git_Knowledge.git
error: remote upstream already exists.

gaurav.kamra@YP1000526LT MINGW64 /d/GitWSToLearn/gauravjava/testrepo/Git_Knowledge (development)
$ git remote -v
origin  https://github.com/kamragaurav1206/Git_Knowledge.git (fetch)
origin  https://github.com/kamragaurav1206/Git_Knowledge.git (push)
upstream        https://github.com/kamragaurav/Git_Knowledge.git (fetch)
upstream        https://github.com/kamragaurav/Git_Knowledge.git (push)

gaurav.kamra@YP1000526LT MINGW64 /d/GitWSToLearn/gauravjava/testrepo/Git_Knowledge (development)
$ git fetch upstream

gaurav.kamra@YP1000526LT MINGW64 /d/GitWSToLearn/gauravjava/testrepo/Git_Knowledge (development)
$ git checkout upstream/development
Note: switching to 'upstream/development'.

You are in 'detached HEAD' state. You can look around, make experimental
changes and commit them, and you can discard any commits you make in this
state without impacting any branches by switching back to a branch.

If you want to create a new branch to retain commits you create, you may
do so (now or later) by using -c with the switch command. Example:

  git switch -c <new-branch-name>

Or undo this operation with:

  git switch -

Turn off this advice by setting config variable advice.detachedHead to false

HEAD is now at 1f5bada Merge pull request #1 from kamragaurav1206/development

gaurav.kamra@YP1000526LT MINGW64 /d/GitWSToLearn/gauravjava/testrepo/Git_Knowledge ((1f5bada...))
$ git checkout development
Previous HEAD position was 1f5bada Merge pull request #1 from kamragaurav1206/development
Switched to branch 'development'
Your branch is up to date with 'origin/development'.

gaurav.kamra@YP1000526LT MINGW64 /d/GitWSToLearn/gauravjava/testrepo/Git_Knowledge (development)
$ git checkout upstream/development
Note: switching to 'upstream/development'.

You are in 'detached HEAD' state. You can look around, make experimental
changes and commit them, and you can discard any commits you make in this
state without impacting any branches by switching back to a branch.

If you want to create a new branch to retain commits you create, you may
do so (now or later) by using -c with the switch command. Example:

  git switch -c <new-branch-name>

Or undo this operation with:

  git switch -

Turn off this advice by setting config variable advice.detachedHead to false

HEAD is now at 1f5bada Merge pull request #1 from kamragaurav1206/development

gaurav.kamra@YP1000526LT MINGW64 /d/GitWSToLearn/gauravjava/testrepo/Git_Knowledge ((1f5bada...))
$ git checkout development
Previous HEAD position was 1f5bada Merge pull request #1 from kamragaurav1206/development
Switched to branch 'development'
Your branch is up to date with 'origin/development'.

gaurav.kamra@YP1000526LT MINGW64 /d/GitWSToLearn/gauravjava/testrepo/Git_Knowledge (development)
$ git remote -v
origin  https://github.com/kamragaurav1206/Git_Knowledge.git (fetch)
origin  https://github.com/kamragaurav1206/Git_Knowledge.git (push)
upstream        https://github.com/kamragaurav/Git_Knowledge.git (fetch)
upstream        https://github.com/kamragaurav/Git_Knowledge.git (push)

gaurav.kamra@YP1000526LT MINGW64 /d/GitWSToLearn/gauravjava/testrepo/Git_Knowledge (development)
$ git checkout -b gaurav upstream/development
fatal: A branch named 'gaurav' already exists.

gaurav.kamra@YP1000526LT MINGW64 /d/GitWSToLearn/gauravjava/testrepo/Git_Knowledge (development)
$ git checkout -b gaurav upstream/gaurav
fatal: A branch named 'gaurav' already exists.

gaurav.kamra@YP1000526LT MINGW64 /d/GitWSToLearn/gauravjava/testrepo/Git_Knowledge (development)
$ git push upstream gaurav
To https://github.com/kamragaurav/Git_Knowledge.git
 ! [rejected]        gaurav -> gaurav (non-fast-forward)
error: failed to push some refs to 'https://github.com/kamragaurav/Git_Knowledge.git'
hint: Updates were rejected because a pushed branch tip is behind its remote
hint: counterpart. Check out this branch and integrate the remote changes
hint: (e.g. 'git pull ...') before pushing again.
hint: See the 'Note about fast-forwards' in 'git push --help' for details.

gaurav.kamra@YP1000526LT MINGW64 /d/GitWSToLearn/gauravjava/testrepo/Git_Knowledge (development)
$ git pu
pull   push

gaurav.kamra@YP1000526LT MINGW64 /d/GitWSToLearn/gauravjava/testrepo/Git_Knowledge (development)
$ git pull
Already up to date.

gaurav.kamra@YP1000526LT MINGW64 /d/GitWSToLearn/gauravjava/testrepo/Git_Knowledge (development)
$ git che
checkout      cherry        cherry-pick

gaurav.kamra@YP1000526LT MINGW64 /d/GitWSToLearn/gauravjava/testrepo/Git_Knowledge (development)
$ git checkout gaurav
Switched to branch 'gaurav'
Your branch is behind 'upstream/gaurav' by 1 commit, and can be fast-forwarded.
  (use "git pull" to update your local branch)

gaurav.kamra@YP1000526LT MINGW64 /d/GitWSToLearn/gauravjava/testrepo/Git_Knowledge (gaurav)
$ git pull
Updating f8e3908..9f9618b
Fast-forward

gaurav.kamra@YP1000526LT MINGW64 /d/GitWSToLearn/gauravjava/testrepo/Git_Knowledge (gaurav)
$ git push upstream gaurav
Everything up-to-date

gaurav.kamra@YP1000526LT MINGW64 /d/GitWSToLearn/gauravjava/testrepo/Git_Knowledge (gaurav)
$ ls -al
total 12
drwxr-xr-x 1 gaurav.kamra 1049089  0 Jan  8 22:57 ./
drwxr-xr-x 1 gaurav.kamra 1049089  0 Jan  8 16:57 ../
drwxr-xr-x 1 gaurav.kamra 1049089  0 Jan  8 22:58 .git/
-rw-r--r-- 1 gaurav.kamra 1049089 36 Jan  8 16:57 README.md
-rw-r--r-- 1 gaurav.kamra 1049089 36 Jan  8 22:57 SampleFile.txt
-rw-r--r-- 1 gaurav.kamra 1049089 21 Jan  8 22:57 gauravfile.txt
-rw-r--r-- 1 gaurav.kamra 1049089 39 Jan  8 22:57 gauravforkfile

gaurav.kamra@YP1000526LT MINGW64 /d/GitWSToLearn/gauravjava/testrepo/Git_Knowledge (gaurav)
$ vi pushingtogaurav

gaurav.kamra@YP1000526LT MINGW64 /d/GitWSToLearn/gauravjava/testrepo/Git_Knowledge (gaurav)
$ git add .
warning: LF will be replaced by CRLF in pushingtogaurav.
The file will have its original line endings in your working directory

gaurav.kamra@YP1000526LT MINGW64 /d/GitWSToLearn/gauravjava/testrepo/Git_Knowledge (gaurav)
$ git commit -m "Test"
[gaurav 99634be] Test
 1 file changed, 1 insertion(+)
 create mode 100644 pushingtogaurav

gaurav.kamra@YP1000526LT MINGW64 /d/GitWSToLearn/gauravjava/testrepo/Git_Knowledge (gaurav)
$ git push upstream gaurav
Enumerating objects: 4, done.
Counting objects: 100% (4/4), done.
Delta compression using up to 8 threads
Compressing objects: 100% (2/2), done.
Writing objects: 100% (3/3), 304 bytes | 304.00 KiB/s, done.
Total 3 (delta 1), reused 0 (delta 0), pack-reused 0
remote: Resolving deltas: 100% (1/1), completed with 1 local object.
To https://github.com/kamragaurav/Git_Knowledge.git
   9f9618b..99634be  gaurav -> gaurav

gaurav.kamra@YP1000526LT MINGW64 /d/GitWSToLearn/gauravjava/testrepo/Git_Knowledge (gaurav)
$ git checkout development
Switched to branch 'development'
Your branch is up to date with 'origin/development'.

gaurav.kamra@YP1000526LT MINGW64 /d/GitWSToLearn/gauravjava/testrepo/Git_Knowledge (development)
$ ls -al
total 10
drwxr-xr-x 1 gaurav.kamra 1049089  0 Jan  8 23:22 ./
drwxr-xr-x 1 gaurav.kamra 1049089  0 Jan  8 16:57 ../
drwxr-xr-x 1 gaurav.kamra 1049089  0 Jan  8 23:22 .git/
-rw-r--r-- 1 gaurav.kamra 1049089 36 Jan  8 16:57 README.md
-rw-r--r-- 1 gaurav.kamra 1049089 95 Jan  8 23:22 SampleFile.txt

gaurav.kamra@YP1000526LT MINGW64 /d/GitWSToLearn/gauravjava/testrepo/Git_Knowledge (development)
$ git remote -v
origin  https://github.com/kamragaurav1206/Git_Knowledge.git (fetch)
origin  https://github.com/kamragaurav1206/Git_Knowledge.git (push)
upstream        https://github.com/kamragaurav/Git_Knowledge.git (fetch)
upstream        https://github.com/kamragaurav/Git_Knowledge.git (push)

gaurav.kamra@YP1000526LT MINGW64 /d/GitWSToLearn/gauravjava/testrepo/Git_Knowledge (development)
$ git pull
remote: Enumerating objects: 4, done.
remote: Counting objects: 100% (4/4), done.
remote: Compressing objects: 100% (2/2), done.
remote: Total 3 (delta 0), reused 0 (delta 0), pack-reused 0
Unpacking objects: 100% (3/3), 724 bytes | 20.00 KiB/s, done.
From https://github.com/kamragaurav1206/Git_Knowledge
   522bb9a..2d6125b  development -> origin/development
Updating 522bb9a..2d6125b
Fast-forward
 devl_forkfile | 1 +
 1 file changed, 1 insertion(+)
 create mode 100644 devl_forkfile

gaurav.kamra@YP1000526LT MINGW64 /d/GitWSToLearn/gauravjava/testrepo/Git_Knowledge (development)
$ ls -al
total 11
drwxr-xr-x 1 gaurav.kamra 1049089  0 Jan  8 23:23 ./
drwxr-xr-x 1 gaurav.kamra 1049089  0 Jan  8 16:57 ../
drwxr-xr-x 1 gaurav.kamra 1049089  0 Jan  8 23:23 .git/
-rw-r--r-- 1 gaurav.kamra 1049089 36 Jan  8 16:57 README.md
-rw-r--r-- 1 gaurav.kamra 1049089 95 Jan  8 23:22 SampleFile.txt
-rw-r--r-- 1 gaurav.kamra 1049089 17 Jan  8 23:23 devl_forkfile

gaurav.kamra@YP1000526LT MINGW64 /d/GitWSToLearn/gauravjava/testrepo/Git_Knowledge (development)
$ git pull upstream development
remote: Enumerating objects: 4, done.
remote: Counting objects: 100% (4/4), done.
remote: Compressing objects: 100% (2/2), done.
remote: Total 3 (delta 0), reused 0 (delta 0), pack-reused 0
Unpacking objects: 100% (3/3), 716 bytes | 23.00 KiB/s, done.
From https://github.com/kamragaurav/Git_Knowledge
 * branch            development -> FETCH_HEAD
   1f5bada..be990b9  development -> upstream/development
Merge made by the 'recursive' strategy.
 devl_brach | 1 +
 1 file changed, 1 insertion(+)
 create mode 100644 devl_brach

gaurav.kamra@YP1000526LT MINGW64 /d/GitWSToLearn/gauravjava/testrepo/Git_Knowledge (development)
$ ls -al
total 12
drwxr-xr-x 1 gaurav.kamra 1049089  0 Jan  8 23:23 ./
drwxr-xr-x 1 gaurav.kamra 1049089  0 Jan  8 16:57 ../
drwxr-xr-x 1 gaurav.kamra 1049089  0 Jan  8 23:24 .git/
-rw-r--r-- 1 gaurav.kamra 1049089 36 Jan  8 16:57 README.md
-rw-r--r-- 1 gaurav.kamra 1049089 95 Jan  8 23:22 SampleFile.txt
-rw-r--r-- 1 gaurav.kamra 1049089 25 Jan  8 23:23 devl_brach
-rw-r--r-- 1 gaurav.kamra 1049089 17 Jan  8 23:23 devl_forkfile

gaurav.kamra@YP1000526LT MINGW64 /d/GitWSToLearn/gauravjava/testrepo/Git_Knowledge (development)
$ ls
README.md  SampleFile.txt  devl_brach  devl_forkfile

gaurav.kamra@YP1000526LT MINGW64 /d/GitWSToLearn/gauravjava/testrepo/Git_Knowledge (development)
$ cd ..

gaurav.kamra@YP1000526LT MINGW64 /d/GitWSToLearn/gauravjava/testrepo
$ ls
Git_Knowledge/  gauravjavarepo/

gaurav.kamra@YP1000526LT MINGW64 /d/GitWSToLearn/gauravjava/testrepo
$ ls -al
total 4
drwxr-xr-x 1 gaurav.kamra 1049089 0 Jan  8 16:57 ./
drwxr-xr-x 1 gaurav.kamra 1049089 0 Jan  7 00:31 ../
drwxr-xr-x 1 gaurav.kamra 1049089 0 Jan  8 23:23 Git_Knowledge/
drwxr-xr-x 1 gaurav.kamra 1049089 0 Jan  8 16:41 gauravjavarepo/

gaurav.kamra@YP1000526LT MINGW64 /d/GitWSToLearn/gauravjava/testrepo
$ cd G
Git_Knowledge/  gauravjavarepo/

gaurav.kamra@YP1000526LT MINGW64 /d/GitWSToLearn/gauravjava/testrepo
$ cd Git_Knowledge/

gaurav.kamra@YP1000526LT MINGW64 /d/GitWSToLearn/gauravjava/testrepo/Git_Knowledge (development)
$ ls -al
total 12
drwxr-xr-x 1 gaurav.kamra 1049089  0 Jan  8 23:23 ./
drwxr-xr-x 1 gaurav.kamra 1049089  0 Jan  8 16:57 ../
drwxr-xr-x 1 gaurav.kamra 1049089  0 Jan  8 23:24 .git/
-rw-r--r-- 1 gaurav.kamra 1049089 36 Jan  8 16:57 README.md
-rw-r--r-- 1 gaurav.kamra 1049089 95 Jan  8 23:22 SampleFile.txt
-rw-r--r-- 1 gaurav.kamra 1049089 25 Jan  8 23:23 devl_brach
-rw-r--r-- 1 gaurav.kamra 1049089 17 Jan  8 23:23 devl_forkfile

gaurav.kamra@YP1000526LT MINGW64 /d/GitWSToLearn/gauravjava/testrepo/Git_Knowledge (development)
$ rm -f *

gaurav.kamra@YP1000526LT MINGW64 /d/GitWSToLearn/gauravjava/testrepo/Git_Knowledge (development)
$ ls -al
total 8
drwxr-xr-x 1 gaurav.kamra 1049089 0 Jan  8 23:26 ./
drwxr-xr-x 1 gaurav.kamra 1049089 0 Jan  8 16:57 ../
drwxr-xr-x 1 gaurav.kamra 1049089 0 Jan  8 23:24 .git/

gaurav.kamra@YP1000526LT MINGW64 /d/GitWSToLearn/gauravjava/testrepo/Git_Knowledge (development)
$ cd .git/

gaurav.kamra@YP1000526LT MINGW64 /d/GitWSToLearn/gauravjava/testrepo/Git_Knowledge/.git (GIT_DIR!)
$ ls -al
total 24
drwxr-xr-x 1 gaurav.kamra 1049089   0 Jan  8 23:24 ./
drwxr-xr-x 1 gaurav.kamra 1049089   0 Jan  8 23:26 ../
-rw-r--r-- 1 gaurav.kamra 1049089   5 Jan  8 22:59 COMMIT_EDITMSG
-rw-r--r-- 1 gaurav.kamra 1049089 111 Jan  8 23:23 FETCH_HEAD
-rw-r--r-- 1 gaurav.kamra 1049089  28 Jan  8 23:22 HEAD
-rw-r--r-- 1 gaurav.kamra 1049089  41 Jan  8 23:23 ORIG_HEAD
-rw-r--r-- 1 gaurav.kamra 1049089 574 Jan  8 22:37 config
-rw-r--r-- 1 gaurav.kamra 1049089  73 Jan  8 16:57 description
drwxr-xr-x 1 gaurav.kamra 1049089   0 Jan  8 16:57 hooks/
-rw-r--r-- 1 gaurav.kamra 1049089 377 Jan  8 23:23 index
drwxr-xr-x 1 gaurav.kamra 1049089   0 Jan  8 16:57 info/
drwxr-xr-x 1 gaurav.kamra 1049089   0 Jan  8 16:57 logs/
drwxr-xr-x 1 gaurav.kamra 1049089   0 Jan  8 23:24 objects/
-rw-r--r-- 1 gaurav.kamra 1049089 187 Jan  8 16:57 packed-refs
drwxr-xr-x 1 gaurav.kamra 1049089   0 Jan  8 16:57 refs/

gaurav.kamra@YP1000526LT MINGW64 /d/GitWSToLearn/gauravjava/testrepo/Git_Knowledge/.git (GIT_DIR!)
$ cd ..

gaurav.kamra@YP1000526LT MINGW64 /d/GitWSToLearn/gauravjava/testrepo/Git_Knowledge (development)
$ git checkout master
Switched to branch 'master'
D       README.md
Your branch is up to date with 'origin/master'.

gaurav.kamra@YP1000526LT MINGW64 /d/GitWSToLearn/gauravjava/testrepo/Git_Knowledge (master)
$ ls -al
total 9
drwxr-xr-x 1 gaurav.kamra 1049089  0 Jan  8 23:28 ./
drwxr-xr-x 1 gaurav.kamra 1049089  0 Jan  8 16:57 ../
drwxr-xr-x 1 gaurav.kamra 1049089  0 Jan  8 23:28 .git/
-rw-r--r-- 1 gaurav.kamra 1049089 36 Jan  8 23:28 SampleFile.txt

gaurav.kamra@YP1000526LT MINGW64 /d/GitWSToLearn/gauravjava/testrepo/Git_Knowledge (master)
$ rm -f *

gaurav.kamra@YP1000526LT MINGW64 /d/GitWSToLearn/gauravjava/testrepo/Git_Knowledge (master)
$ ls -al
total 8
drwxr-xr-x 1 gaurav.kamra 1049089 0 Jan  8 23:28 ./
drwxr-xr-x 1 gaurav.kamra 1049089 0 Jan  8 16:57 ../
drwxr-xr-x 1 gaurav.kamra 1049089 0 Jan  8 23:28 .git/

gaurav.kamra@YP1000526LT MINGW64 /d/GitWSToLearn/gauravjava/testrepo/Git_Knowledge (master)
$ git checkout gaurav
Switched to branch 'gaurav'
D       README.md
D       SampleFile.txt
Your branch is up to date with 'upstream/gaurav'.

gaurav.kamra@YP1000526LT MINGW64 /d/GitWSToLearn/gauravjava/testrepo/Git_Knowledge (gaurav)
$ ls -al
total 11
drwxr-xr-x 1 gaurav.kamra 1049089  0 Jan  8 23:29 ./
drwxr-xr-x 1 gaurav.kamra 1049089  0 Jan  8 16:57 ../
drwxr-xr-x 1 gaurav.kamra 1049089  0 Jan  8 23:29 .git/
-rw-r--r-- 1 gaurav.kamra 1049089 21 Jan  8 23:29 gauravfile.txt
-rw-r--r-- 1 gaurav.kamra 1049089 39 Jan  8 23:29 gauravforkfile
-rw-r--r-- 1 gaurav.kamra 1049089 28 Jan  8 23:29 pushingtogaurav

gaurav.kamra@YP1000526LT MINGW64 /d/GitWSToLearn/gauravjava/testrepo/Git_Knowledge (gaurav)
$ rm -f *

gaurav.kamra@YP1000526LT MINGW64 /d/GitWSToLearn/gauravjava/testrepo/Git_Knowledge (gaurav)
$ ls -al
total 8
drwxr-xr-x 1 gaurav.kamra 1049089 0 Jan  8 23:29 ./
drwxr-xr-x 1 gaurav.kamra 1049089 0 Jan  8 16:57 ../
drwxr-xr-x 1 gaurav.kamra 1049089 0 Jan  8 23:29 .git/

gaurav.kamra@YP1000526LT MINGW64 /d/GitWSToLearn/gauravjava/testrepo/Git_Knowledge (gaurav)
$ git pu
pull   push

gaurav.kamra@YP1000526LT MINGW64 /d/GitWSToLearn/gauravjava/testrepo/Git_Knowledge (gaurav)
$ git push
To https://github.com/kamragaurav/Git_Knowledge.git
 ! [rejected]        gaurav -> gaurav (fetch first)
error: failed to push some refs to 'https://github.com/kamragaurav/Git_Knowledge.git'
hint: Updates were rejected because the remote contains work that you do
hint: not have locally. This is usually caused by another repository pushing
hint: to the same ref. You may want to first integrate the remote changes
hint: (e.g., 'git pull ...') before pushing again.
hint: See the 'Note about fast-forwards' in 'git push --help' for details.

gaurav.kamra@YP1000526LT MINGW64 /d/GitWSToLearn/gauravjava/testrepo/Git_Knowledge (gaurav)
$ git push origin gaurav
Enumerating objects: 6, done.
Counting objects: 100% (6/6), done.
Delta compression using up to 8 threads
Compressing objects: 100% (3/3), done.
Writing objects: 100% (4/4), 922 bytes | 461.00 KiB/s, done.
Total 4 (delta 1), reused 0 (delta 0), pack-reused 0
remote: Resolving deltas: 100% (1/1), completed with 1 local object.
To https://github.com/kamragaurav1206/Git_Knowledge.git
   f8e3908..99634be  gaurav -> gaurav

gaurav.kamra@YP1000526LT MINGW64 /d/GitWSToLearn/gauravjava/testrepo/Git_Knowledge (gaurav)
$ git checkout
D       README.md
D       SampleFile.txt
D       gauravfile.txt
D       gauravforkfile
D       pushingtogaurav
Your branch is up to date with 'upstream/gaurav'.
d
gaurav.kamra@YP1000526LT MINGW64 /d/GitWSToLearn/gauravjava/testrepo/Git_Knowledge (gaurav)
$ git checkout development
Switched to branch 'development'
D       README.md
Your branch is ahead of 'origin/development' by 3 commits.
  (use "git push" to publish your local commits)

gaurav.kamra@YP1000526LT MINGW64 /d/GitWSToLearn/gauravjava/testrepo/Git_Knowledge (development)
$ ls -al
total 11
drwxr-xr-x 1 gaurav.kamra 1049089  0 Jan  8 23:31 ./
drwxr-xr-x 1 gaurav.kamra 1049089  0 Jan  8 16:57 ../
drwxr-xr-x 1 gaurav.kamra 1049089  0 Jan  8 23:31 .git/
-rw-r--r-- 1 gaurav.kamra 1049089 95 Jan  8 23:31 SampleFile.txt
-rw-r--r-- 1 gaurav.kamra 1049089 25 Jan  8 23:31 devl_brach
-rw-r--r-- 1 gaurav.kamra 1049089 17 Jan  8 23:31 devl_forkfile

gaurav.kamra@YP1000526LT MINGW64 /d/GitWSToLearn/gauravjava/testrepo/Git_Knowledge (development)
$ rm -f *

gaurav.kamra@YP1000526LT MINGW64 /d/GitWSToLearn/gauravjava/testrepo/Git_Knowledge (development)
$ git checkout master
Switched to branch 'master'
D       README.md
Your branch is up to date with 'origin/master'.
ls
gaurav.kamra@YP1000526LT MINGW64 /d/GitWSToLearn/gauravjava/testrepo/Git_Knowledge (master)
$ ls -al
total 9
drwxr-xr-x 1 gaurav.kamra 1049089  0 Jan  8 23:31 ./
drwxr-xr-x 1 gaurav.kamra 1049089  0 Jan  8 16:57 ../
drwxr-xr-x 1 gaurav.kamra 1049089  0 Jan  8 23:31 .git/
-rw-r--r-- 1 gaurav.kamra 1049089 36 Jan  8 23:31 SampleFile.txt

gaurav.kamra@YP1000526LT MINGW64 /d/GitWSToLearn/gauravjava/testrepo/Git_Knowledge (master)
$ rm -f *

gaurav.kamra@YP1000526LT MINGW64 /d/GitWSToLearn/gauravjava/testrepo/Git_Knowledge (master)
$ git checkout gaurav
Switched to branch 'gaurav'
D       README.md
D       SampleFile.txt
Your branch is up to date with 'upstream/gaurav'.

gaurav.kamra@YP1000526LT MINGW64 /d/GitWSToLearn/gauravjava/testrepo/Git_Knowledge (gaurav)
$ rm -r *

gaurav.kamra@YP1000526LT MINGW64 /d/GitWSToLearn/gauravjava/testrepo/Git_Knowledge (gaurav)
$ ls -al
total 8
drwxr-xr-x 1 gaurav.kamra 1049089 0 Jan  8 23:32 ./
drwxr-xr-x 1 gaurav.kamra 1049089 0 Jan  8 16:57 ../
drwxr-xr-x 1 gaurav.kamra 1049089 0 Jan  8 23:32 .git/

gaurav.kamra@YP1000526LT MINGW64 /d/GitWSToLearn/gauravjava/testrepo/Git_Knowledge (gaurav)
$ git checkout master
Switched to branch 'master'
D       README.md
D       SampleFile.txt
Your branch is up to date with 'origin/master'.

gaurav.kamra@YP1000526LT MINGW64 /d/GitWSToLearn/gauravjava/testrepo/Git_Knowledge (master)
$ ls -al
total 8
drwxr-xr-x 1 gaurav.kamra 1049089 0 Jan  8 23:32 ./
drwxr-xr-x 1 gaurav.kamra 1049089 0 Jan  8 16:57 ../
drwxr-xr-x 1 gaurav.kamra 1049089 0 Jan  8 23:32 .git/

gaurav.kamra@YP1000526LT MINGW64 /d/GitWSToLearn/gauravjava/testrepo/Git_Knowledge (master)
$ git push origin master
Everything up-to-date

gaurav.kamra@YP1000526LT MINGW64 /d/GitWSToLearn/gauravjava/testrepo/Git_Knowledge (master)
$ git checkout development
Switched to branch 'development'
D       README.md
Your branch is ahead of 'origin/development' by 3 commits.
  (use "git push" to publish your local commits)

gaurav.kamra@YP1000526LT MINGW64 /d/GitWSToLearn/gauravjava/testrepo/Git_Knowledge (development)
$ ls -al
total 11
drwxr-xr-x 1 gaurav.kamra 1049089  0 Jan  8 23:33 ./
drwxr-xr-x 1 gaurav.kamra 1049089  0 Jan  8 16:57 ../
drwxr-xr-x 1 gaurav.kamra 1049089  0 Jan  8 23:33 .git/
-rw-r--r-- 1 gaurav.kamra 1049089 95 Jan  8 23:33 SampleFile.txt
-rw-r--r-- 1 gaurav.kamra 1049089 25 Jan  8 23:33 devl_brach
-rw-r--r-- 1 gaurav.kamra 1049089 17 Jan  8 23:33 devl_forkfile

gaurav.kamra@YP1000526LT MINGW64 /d/GitWSToLearn/gauravjava/testrepo/Git_Knowledge (development)
$ rm -f *

gaurav.kamra@YP1000526LT MINGW64 /d/GitWSToLearn/gauravjava/testrepo/Git_Knowledge (development)
$ ls -al
total 8
drwxr-xr-x 1 gaurav.kamra 1049089 0 Jan  8 23:34 ./
drwxr-xr-x 1 gaurav.kamra 1049089 0 Jan  8 16:57 ../
drwxr-xr-x 1 gaurav.kamra 1049089 0 Jan  8 23:33 .git/

gaurav.kamra@YP1000526LT MINGW64 /d/GitWSToLearn/gauravjava/testrepo/Git_Knowledge (development)
$ git push origin development
Enumerating objects: 4, done.
Counting objects: 100% (4/4), done.
Delta compression using up to 8 threads
Compressing objects: 100% (2/2), done.
Writing objects: 100% (2/2), 350 bytes | 175.00 KiB/s, done.
Total 2 (delta 1), reused 0 (delta 0), pack-reused 0
remote: Resolving deltas: 100% (1/1), completed with 1 local object.
To https://github.com/kamragaurav1206/Git_Knowledge.git
   2d6125b..be01479  development -> development

gaurav.kamra@YP1000526LT MINGW64 /d/GitWSToLearn/gauravjava/testrepo/Git_Knowledge (development)
$ git checkout gaurav
Switched to branch 'gaurav'
D       README.md
Your branch is up to date with 'upstream/gaurav'.

gaurav.kamra@YP1000526LT MINGW64 /d/GitWSToLearn/gauravjava/testrepo/Git_Knowledge (gaurav)
$ ls-al
bash: ls-al: command not found

gaurav.kamra@YP1000526LT MINGW64 /d/GitWSToLearn/gauravjava/testrepo/Git_Knowledge (gaurav)
$ ls -al
total 12
drwxr-xr-x 1 gaurav.kamra 1049089  0 Jan  8 23:34 ./
drwxr-xr-x 1 gaurav.kamra 1049089  0 Jan  8 16:57 ../
drwxr-xr-x 1 gaurav.kamra 1049089  0 Jan  8 23:34 .git/
-rw-r--r-- 1 gaurav.kamra 1049089 36 Jan  8 23:34 SampleFile.txt
-rw-r--r-- 1 gaurav.kamra 1049089 21 Jan  8 23:34 gauravfile.txt
-rw-r--r-- 1 gaurav.kamra 1049089 39 Jan  8 23:34 gauravforkfile
-rw-r--r-- 1 gaurav.kamra 1049089 28 Jan  8 23:34 pushingtogaurav

gaurav.kamra@YP1000526LT MINGW64 /d/GitWSToLearn/gauravjava/testrepo/Git_Knowledge (gaurav)
$ rm -f *

gaurav.kamra@YP1000526LT MINGW64 /d/GitWSToLearn/gauravjava/testrepo/Git_Knowledge (gaurav)
$ git push origin gaurav
Everything up-to-date

gaurav.kamra@YP1000526LT MINGW64 /d/GitWSToLearn/gauravjava/testrepo/Git_Knowledge (gaurav)
$ ls -al
total 8
drwxr-xr-x 1 gaurav.kamra 1049089 0 Jan  8 23:35 ./
drwxr-xr-x 1 gaurav.kamra 1049089 0 Jan  8 16:57 ../
drwxr-xr-x 1 gaurav.kamra 1049089 0 Jan  8 23:34 .git/

gaurav.kamra@YP1000526LT MINGW64 /d/GitWSToLearn/gauravjava/testrepo/Git_Knowledge (gaurav)
$ git fetch upstream
remote: Enumerating objects: 4, done.
remote: Counting objects: 100% (4/4), done.
remote: Compressing objects: 100% (2/2), done.
remote: Total 3 (delta 1), reused 0 (delta 0), pack-reused 0
Unpacking objects: 100% (3/3), 671 bytes | 22.00 KiB/s, done.
From https://github.com/kamragaurav/Git_Knowledge
   99634be..52aa702  gaurav     -> upstream/gaurav

gaurav.kamra@YP1000526LT MINGW64 /d/GitWSToLearn/gauravjava/testrepo/Git_Knowledge (gaurav)
$ git reset --hard upstream/gaurav
HEAD is now at 52aa702 Create devl_brach

gaurav.kamra@YP1000526LT MINGW64 /d/GitWSToLearn/gauravjava/testrepo/Git_Knowledge (gaurav)
$ ls -al
total 14
drwxr-xr-x 1 gaurav.kamra 1049089  0 Jan  8 23:39 ./
drwxr-xr-x 1 gaurav.kamra 1049089  0 Jan  8 16:57 ../
drwxr-xr-x 1 gaurav.kamra 1049089  0 Jan  8 23:39 .git/
-rw-r--r-- 1 gaurav.kamra 1049089 36 Jan  8 23:39 README.md
-rw-r--r-- 1 gaurav.kamra 1049089 36 Jan  8 23:39 SampleFile.txt
-rw-r--r-- 1 gaurav.kamra 1049089 28 Jan  8 23:39 devl_brach
-rw-r--r-- 1 gaurav.kamra 1049089 21 Jan  8 23:39 gauravfile.txt
-rw-r--r-- 1 gaurav.kamra 1049089 39 Jan  8 23:39 gauravforkfile
-rw-r--r-- 1 gaurav.kamra 1049089 28 Jan  8 23:39 pushingtogaurav

gaurav.kamra@YP1000526LT MINGW64 /d/GitWSToLearn/gauravjava/testrepo/Git_Knowledge (gaurav)
$ git push origin gaurav --force
Total 0 (delta 0), reused 0 (delta 0), pack-reused 0
To https://github.com/kamragaurav1206/Git_Knowledge.git
 + db1f0d7...52aa702 gaurav -> gaurav (forced update)

gaurav.kamra@YP1000526LT MINGW64 /d/GitWSToLearn/gauravjava/testrepo/Git_Knowledge (gaurav)
$ git checkout master
FETCH_HEAD                 development                origin/HEAD                origin/master              upstream/gaurav
HEAD                       gaurav                     origin/development         upstream-gaurav            upstream/master
ORIG_HEAD                  master                     origin/gaurav              upstream/development       upstream/upstream-gaurav

gaurav.kamra@YP1000526LT MINGW64 /d/GitWSToLearn/gauravjava/testrepo/Git_Knowledge (gaurav)
$ git checkout master
Switched to branch 'master'
Your branch is up to date with 'origin/master'.

gaurav.kamra@YP1000526LT MINGW64 /d/GitWSToLearn/gauravjava/testrepo/Git_Knowledge (master)
$ git fetch upstream
remote: Enumerating objects: 11, done.
remote: Counting objects: 100% (11/11), done.
remote: Compressing objects: 100% (6/6), done.
remote: Total 9 (delta 2), reused 0 (delta 0), pack-reused 0
Unpacking objects: 100% (9/9), 1.83 KiB | 17.00 KiB/s, done.
From https://github.com/kamragaurav/Git_Knowledge
   e1097f4..f385fb7  master     -> upstream/master

gaurav.kamra@YP1000526LT MINGW64 /d/GitWSToLearn/gauravjava/testrepo/Git_Knowledge (master)
$ git checkout master
Already on 'master'
Your branch is up to date with 'origin/master'.

gaurav.kamra@YP1000526LT MINGW64 /d/GitWSToLearn/gauravjava/testrepo/Git_Knowledge (master)
$ git reset --hard upstream/master
HEAD is now at f385fb7 Update onenewfile

gaurav.kamra@YP1000526LT MINGW64 /d/GitWSToLearn/gauravjava/testrepo/Git_Knowledge (master)
$ ls -al
total 11
drwxr-xr-x 1 gaurav.kamra 1049089  0 Jan  8 23:55 ./
drwxr-xr-x 1 gaurav.kamra 1049089  0 Jan  8 16:57 ../
drwxr-xr-x 1 gaurav.kamra 1049089  0 Jan  8 23:55 .git/
-rw-r--r-- 1 gaurav.kamra 1049089 36 Jan  8 23:39 README.md
-rw-r--r-- 1 gaurav.kamra 1049089  7 Jan  8 23:55 SampleFile.txt
-rw-r--r-- 1 gaurav.kamra 1049089 12 Jan  8 23:55 onenewfile

gaurav.kamra@YP1000526LT MINGW64 /d/GitWSToLearn/gauravjava/testrepo/Git_Knowledge (master)
$ git push origin master --force
Total 0 (delta 0), reused 0 (delta 0), pack-reused 0
To https://github.com/kamragaurav1206/Git_Knowledge.git
   e1097f4..f385fb7  master -> master

gaurav.kamra@YP1000526LT MINGW64 /d/GitWSToLearn/gauravjava/testrepo/Git_Knowledge (master)
$ vi chagefromfork

gaurav.kamra@YP1000526LT MINGW64 /d/GitWSToLearn/gauravjava/testrepo/Git_Knowledge (master)
$ git push upstream master
Everything up-to-date

gaurav.kamra@YP1000526LT MINGW64 /d/GitWSToLearn/gauravjava/testrepo/Git_Knowledge (master)
$ ls -al
total 12
drwxr-xr-x 1 gaurav.kamra 1049089  0 Jan  8 23:57 ./
drwxr-xr-x 1 gaurav.kamra 1049089  0 Jan  8 16:57 ../
drwxr-xr-x 1 gaurav.kamra 1049089  0 Jan  8 23:55 .git/
-rw-r--r-- 1 gaurav.kamra 1049089 36 Jan  8 23:39 README.md
-rw-r--r-- 1 gaurav.kamra 1049089  7 Jan  8 23:55 SampleFile.txt
-rw-r--r-- 1 gaurav.kamra 1049089 18 Jan  8 23:57 chagefromfork
-rw-r--r-- 1 gaurav.kamra 1049089 12 Jan  8 23:55 onenewfile

gaurav.kamra@YP1000526LT MINGW64 /d/GitWSToLearn/gauravjava/testrepo/Git_Knowledge (master)
$ git pull upstream
You asked to pull from the remote 'upstream', but did not specify
a branch. Because this is not the default configured remote
for your current branch, you must specify a branch on the command line.

gaurav.kamra@YP1000526LT MINGW64 /d/GitWSToLearn/gauravjava/testrepo/Git_Knowledge (master)
$ git pull upstream master
From https://github.com/kamragaurav/Git_Knowledge
 * branch            master     -> FETCH_HEAD
Already up to date.

gaurav.kamra@YP1000526LT MINGW64 /d/GitWSToLearn/gauravjava/testrepo/Git_Knowledge (master)
$ ls -al
total 12
drwxr-xr-x 1 gaurav.kamra 1049089  0 Jan  8 23:57 ./
drwxr-xr-x 1 gaurav.kamra 1049089  0 Jan  8 16:57 ../
drwxr-xr-x 1 gaurav.kamra 1049089  0 Jan  8 23:59 .git/
-rw-r--r-- 1 gaurav.kamra 1049089 36 Jan  8 23:39 README.md
-rw-r--r-- 1 gaurav.kamra 1049089  7 Jan  8 23:55 SampleFile.txt
-rw-r--r-- 1 gaurav.kamra 1049089 18 Jan  8 23:57 chagefromfork
-rw-r--r-- 1 gaurav.kamra 1049089 12 Jan  8 23:55 onenewfile

gaurav.kamra@YP1000526LT MINGW64 /d/GitWSToLearn/gauravjava/testrepo/Git_Knowledge (master)
$ git push upstream master
Everything up-to-date

gaurav.kamra@YP1000526LT MINGW64 /d/GitWSToLearn/gauravjava/testrepo/Git_Knowledge (master)
$ git push upstream
Everything up-to-date

gaurav.kamra@YP1000526LT MINGW64 /d/GitWSToLearn/gauravjava/testrepo/Git_Knowledge (master)
$ git branch -a
  development
  gaurav
* master
  remotes/origin/HEAD -> origin/master
  remotes/origin/development
  remotes/origin/gaurav
  remotes/origin/master
  remotes/upstream/development
  remotes/upstream/gaurav
  remotes/upstream/master
  remotes/upstream/upstream-gaurav

gaurav.kamra@YP1000526LT MINGW64 /d/GitWSToLearn/gauravjava/testrepo/Git_Knowledge (master)
$ git status
On branch master
Your branch is up to date with 'origin/master'.

Untracked files:
  (use "git add <file>..." to include in what will be committed)
        chagefromfork

nothing added to commit but untracked files present (use "git add" to track)

gaurav.kamra@YP1000526LT MINGW64 /d/GitWSToLearn/gauravjava/testrepo/Git_Knowledge (master)
$ git add .
warning: LF will be replaced by CRLF in chagefromfork.
The file will have its original line endings in your working directory

gaurav.kamra@YP1000526LT MINGW64 /d/GitWSToLearn/gauravjava/testrepo/Git_Knowledge (master)
$ git commit -m "push to upstream master"
[master acf3dcc] push to upstream master
 1 file changed, 1 insertion(+)
 create mode 100644 chagefromfork

gaurav.kamra@YP1000526LT MINGW64 /d/GitWSToLearn/gauravjava/testrepo/Git_Knowledge (master)
$ git push upstream master
Enumerating objects: 4, done.
Counting objects: 100% (4/4), done.
Delta compression using up to 8 threads
Compressing objects: 100% (2/2), done.
Writing objects: 100% (3/3), 300 bytes | 75.00 KiB/s, done.
Total 3 (delta 1), reused 0 (delta 0), pack-reused 0
remote: Resolving deltas: 100% (1/1), completed with 1 local object.
To https://github.com/kamragaurav/Git_Knowledge.git
   f385fb7..acf3dcc  master -> master

gaurav.kamra@YP1000526LT MINGW64 /d/GitWSToLearn/gauravjava/testrepo/Git_Knowledge (master)
$ git branch -a
  development
  gaurav
* master
  remotes/origin/HEAD -> origin/master
  remotes/origin/development
  remotes/origin/gaurav
  remotes/origin/master
  remotes/upstream/development
  remotes/upstream/gaurav
  remotes/upstream/master
  remotes/upstream/upstream-gaurav

gaurav.kamra@YP1000526LT MINGW64 /d/GitWSToLearn/gauravjava/testrepo/Git_Knowledge (master)
$ git status
On branch master
Your branch is ahead of 'origin/master' by 1 commit.
  (use "git push" to publish your local commits)

nothing to commit, working tree clean

gaurav.kamra@YP1000526LT MINGW64 /d/GitWSToLearn/gauravjava/testrepo/Git_Knowledge (master)
$ ls -al
total 12
drwxr-xr-x 1 gaurav.kamra 1049089  0 Jan  8 23:57 ./
drwxr-xr-x 1 gaurav.kamra 1049089  0 Jan  8 16:57 ../
drwxr-xr-x 1 gaurav.kamra 1049089  0 Jan  9 00:05 .git/
-rw-r--r-- 1 gaurav.kamra 1049089 36 Jan  8 23:39 README.md
-rw-r--r-- 1 gaurav.kamra 1049089  7 Jan  8 23:55 SampleFile.txt
-rw-r--r-- 1 gaurav.kamra 1049089 18 Jan  8 23:57 chagefromfork
-rw-r--r-- 1 gaurav.kamra 1049089 12 Jan  8 23:55 onenewfile

gaurav.kamra@YP1000526LT MINGW64 /d/GitWSToLearn/gauravjava/testrepo/Git_Knowledge (master)
$ git push origin master
Total 0 (delta 0), reused 0 (delta 0), pack-reused 0
To https://github.com/kamragaurav1206/Git_Knowledge.git
   f385fb7..acf3dcc  master -> master

gaurav.kamra@YP1000526LT MINGW64 /d/GitWSToLearn/gauravjava/testrepo/Git_Knowledge (master)
$ git branch -a
  development
  gaurav
* master
  remotes/origin/HEAD -> origin/master
  remotes/origin/development
  remotes/origin/gaurav
  remotes/origin/master
  remotes/upstream/development
  remotes/upstream/gaurav
  remotes/upstream/master
  remotes/upstream/upstream-gaurav

gaurav.kamra@YP1000526LT MINGW64 /d/GitWSToLearn/gauravjava/testrepo/Git_Knowledge (master)
$
